
Execution of 1 workers started at 2023-10-23T04:27:42.433Z

[0-0] RUNNING in chrome - file:///test/specs/sample.spec.js
[0-0] PASSED in chrome - file:///test/specs/sample.spec.js

 "spec" Reporter:
------------------------------------------------------------------
[chrome 118.0.5993.88 mac #0-0] Running: chrome (v118.0.5993.88) on mac
[chrome 118.0.5993.88 mac #0-0] Session ID: 58508e0fdad97402f6cac7644383cd14
[chrome 118.0.5993.88 mac #0-0]
[chrome 118.0.5993.88 mac #0-0] » /test/specs/sample.spec.js
[chrome 118.0.5993.88 mac #0-0] WebdriverIO - API Demo
[chrome 118.0.5993.88 mac #0-0]    ✓ GET - List Users
[chrome 118.0.5993.88 mac #0-0]    ✓ POST - Create Users
[chrome 118.0.5993.88 mac #0-0]    ✓ PUT - Update Users
[chrome 118.0.5993.88 mac #0-0]    ✓ PATCH - Update Users
[chrome 118.0.5993.88 mac #0-0]    ✓ DELETE - Delete Users
[chrome 118.0.5993.88 mac #0-0]
[chrome 118.0.5993.88 mac #0-0] 5 passing (2.5s)


Spec Files:	 1 passed, 1 total (100% completed) in 00:00:05 

